<!doctype html>

<html>
  <head>
    <link rel="stylesheet" href="css/style.css">
    <script src="js/main.js"></script>
  </head>
  <body>
    <h1>This is a heading</h1>
    <img src="logo.png" alt="A logo of a cat">
  </body>
</html>
<p>Copyright info down here</p>

<!-- new message -->

